c:\users\thura\source\repos\project01\project01\x64\debug\admin.obj
c:\users\thura\source\repos\project01\project01\x64\debug\files.obj
c:\users\thura\source\repos\project01\project01\x64\debug\student.obj
c:\users\thura\source\repos\project01\project01\x64\debug\user.obj
c:\users\thura\source\repos\project01\project01\x64\debug\project01.obj
c:\users\thura\source\repos\project01\project01\x64\debug\main.obj
c:\users\thura\source\repos\project01\project01\x64\debug\course.obj
c:\users\thura\source\repos\project01\project01\x64\debug\vc143.pdb
c:\users\thura\source\repos\project01\project01\x64\debug\vc143.idb
c:\users\thura\source\repos\project01\project01\x64\debug\qrc_project01.obj
c:\users\thura\source\repos\project01\project01\x64\debug\moc_project01.obj
c:\users\thura\source\repos\project01\project01\x64\debug\qt\moc\moc_project01.cpp
c:\users\thura\source\repos\project01\project01\x64\debug\qt\uic\ui_project01.h
c:\users\thura\source\repos\project01\project01\x64\debug\qt\rcc\qrc_project01.cpp
c:\users\thura\source\repos\project01\project01\x64\debug\project01.ilk
c:\users\thura\source\repos\project01\x64\debug\project01.pdb
c:\users\thura\source\repos\project01\x64\debug\project01.exe
c:\users\thura\source\repos\project01\project01\x64\debug\project01.tlog\cl.command.1.tlog
c:\users\thura\source\repos\project01\project01\x64\debug\project01.tlog\cl.items.tlog
c:\users\thura\source\repos\project01\project01\x64\debug\project01.tlog\cl.read.1.tlog
c:\users\thura\source\repos\project01\project01\x64\debug\project01.tlog\cl.write.1.tlog
c:\users\thura\source\repos\project01\project01\x64\debug\project01.tlog\link.command.1.tlog
c:\users\thura\source\repos\project01\project01\x64\debug\project01.tlog\link.read.1.tlog
c:\users\thura\source\repos\project01\project01\x64\debug\project01.tlog\link.secondary.1.tlog
c:\users\thura\source\repos\project01\project01\x64\debug\project01.tlog\link.write.1.tlog
c:\users\thura\source\repos\project01\project01\x64\debug\project01.tlog\moc.read.1u.tlog
c:\users\thura\source\repos\project01\project01\x64\debug\project01.tlog\moc.write.1u.tlog
c:\users\thura\source\repos\project01\project01\x64\debug\project01.tlog\project01.write.1u.tlog
c:\users\thura\source\repos\project01\project01\x64\debug\project01.tlog\rcc.read.1u.tlog
c:\users\thura\source\repos\project01\project01\x64\debug\project01.tlog\rcc.write.1u.tlog
c:\users\thura\source\repos\project01\project01\x64\debug\project01.tlog\uic.read.1u.tlog
c:\users\thura\source\repos\project01\project01\x64\debug\project01.tlog\uic.write.1u.tlog
